============================= test session starts =============================
platform win32 -- Python 3.10.11, pytest-9.0.3, pluggy-1.6.0 -- C:\Code - Projects\Python Projects\Nuanic_Moodmetric_BLE\.venv\Scripts\python.exe
cachedir: .pytest_cache
rootdir: C:\Code - Projects\Python Projects\Nuanic_Moodmetric_BLE
configfile: pyproject.toml
plugins: asyncio-1.3.0, cov-7.1.0, codecov-0.7.0
asyncio: mode=strict, debug=False, asyncio_default_fixture_loop_scope=None, asyncio_default_test_loop_scope=function
collecting ... collected 1 item

tests/test_split_csv_logging.py::test_split_csv_rows_keep_streamed_and_computed_shapes PASSED [100%]

============================= 1 passed in 25.95s ==============================
